python : Traceback 
(most recent call 
last):
At line:1 char:1
+ python manage.py 
check > 
error_log.txt 2>&1
+ ~~~~~~~~~~~~~~~~~~~
~~~~~~~~~~~~~~~~~~~~~
~~~
    + CategoryInfo   
           : NotSpe  
  cified: (Traceba   
 ck (most recent     
call last)::Stri    
ng) [], RemoteEx    
ception
    + FullyQualified 
   ErrorId : Native  
  CommandError
 
  File "C:\Users\Admi
n\OneDrive\Documents\
internship II\hisabki
tab\backend\manage.py
", line 22, in 
<module>
    main()
    ~~~~^^
  File "C:\Users\Admi
n\OneDrive\Documents\
internship II\hisabki
tab\backend\manage.py
", line 18, in main
    execute_from_comm
and_line(sys.argv)
    ~~~~~~~~~~~~~~~~~
~~~~~~~~^^^^^^^^^^
  File "C:\Users\Admi
n\AppData\Local\Progr
ams\Python\Python314\
Lib\site-packages\dja
ngo\core\management\_
_init__.py", line 
442, in execute_from_
command_line
    utility.execute()
    ~~~~~~~~~~~~~~~^^
  File "C:\Users\Admi
n\AppData\Local\Progr
ams\Python\Python314\
Lib\site-packages\dja
ngo\core\management\_
_init__.py", line 
436, in execute
    self.fetch_comman
d(subcommand).run_fro
m_argv(self.argv)
    ~~~~~~~~~~~~~~~~~
~~~~~~~~~~~~~~~~~~~~~
~~~~~~^^^^^^^^^^^
  File "C:\Users\Admi
n\AppData\Local\Progr
ams\Python\Python314\
Lib\site-packages\dja
ngo\core\management\b
ase.py", line 416, 
in run_from_argv
    
self.execute(*args, 
**cmd_options)
    ~~~~~~~~~~~~^^^^^
^^^^^^^^^^^^^^^^^
  File "C:\Users\Admi
n\AppData\Local\Progr
ams\Python\Python314\
Lib\site-packages\dja
ngo\core\management\b
ase.py", line 460, 
in execute
    output = 
self.handle(*args, 
**options)
  File "C:\Users\Admi
n\AppData\Local\Progr
ams\Python\Python314\
Lib\site-packages\dja
ngo\core\management\c
ommands\check.py", 
line 81, in handle
    self.check(
    ~~~~~~~~~~^
        app_configs=a
pp_configs,
        ^^^^^^^^^^^^^
^^^^^^^^^^^
    ...<4 lines>...
        databases=opt
ions["databases"],
        ^^^^^^^^^^^^^
^^^^^^^^^^^^^^^^^^
    )
    ^
  File "C:\Users\Admi
n\AppData\Local\Progr
ams\Python\Python314\
Lib\site-packages\dja
ngo\core\management\b
ase.py", line 492, 
in check
    all_issues = 
checks.run_checks(
        app_configs=a
pp_configs,
    ...<2 lines>...
        
databases=databases,
    )
  File "C:\Users\Admi
n\AppData\Local\Progr
ams\Python\Python314\
Lib\site-packages\dja
ngo\core\checks\regis
try.py", line 89, in 
run_checks
    new_errors = chec
k(app_configs=app_con
figs, 
databases=databases)
  File "C:\Users\Admi
n\AppData\Local\Progr
ams\Python\Python314\
Lib\site-packages\dja
ngo\core\checks\urls.
py", line 44, in chec
k_url_namespaces_uniq
ue
    all_namespaces = 
_load_all_namespaces(
resolver)
  File "C:\Users\Admi
n\AppData\Local\Progr
ams\Python\Python314\
Lib\site-packages\dja
ngo\core\checks\urls.
py", line 63, in 
_load_all_namespaces
    url_patterns = 
getattr(resolver, 
"url_patterns", [])
  File "C:\Users\Admi
n\AppData\Local\Progr
ams\Python\Python314\
Lib\site-packages\dja
ngo\utils\functional.
py", line 47, in 
__get__
    res = instance.__
dict__[self.name] = 
self.func(instance)
                     
                    
~~~~~~~~~^^^^^^^^^^
  File "C:\Users\Admi
n\AppData\Local\Progr
ams\Python\Python314\
Lib\site-packages\dja
ngo\urls\resolvers.py
", line 718, in 
url_patterns
    patterns = getatt
r(self.urlconf_module
, "urlpatterns", 
self.urlconf_module)
                     
  ^^^^^^^^^^^^^^^^^^^
  File "C:\Users\Admi
n\AppData\Local\Progr
ams\Python\Python314\
Lib\site-packages\dja
ngo\utils\functional.
py", line 47, in 
__get__
    res = instance.__
dict__[self.name] = 
self.func(instance)
                     
                    
~~~~~~~~~^^^^^^^^^^
  File "C:\Users\Admi
n\AppData\Local\Progr
ams\Python\Python314\
Lib\site-packages\dja
ngo\urls\resolvers.py
", line 711, in 
urlconf_module
    return import_mod
ule(self.urlconf_name
)
  File "C:\Users\Admi
n\AppData\Local\Progr
ams\Python\Python314\
Lib\importlib\__init_
_.py", line 88, in 
import_module
    return _bootstrap
._gcd_import(name[lev
el:], package, level)
           ~~~~~~~~~~
~~~~~~~~~~~~^^^^^^^^^
^^^^^^^^^^^^^^^^^^^^^
  File "<frozen impor
tlib._bootstrap>", 
line 1398, in 
_gcd_import
  File "<frozen impor
tlib._bootstrap>", 
line 1371, in 
_find_and_load
  File "<frozen impor
tlib._bootstrap>", 
line 1342, in _find_a
nd_load_unlocked
  File "<frozen impor
tlib._bootstrap>", 
line 938, in 
_load_unlocked
  File "<frozen impor
tlib._bootstrap_exter
nal>", line 762, in 
exec_module
  File "<frozen impor
tlib._bootstrap>", 
line 491, in _call_wi
th_frames_removed
  File "C:\Users\Admi
n\OneDrive\Documents\
internship II\hisabki
tab\backend\hisabkita
b\urls.py", line 31, 
in <module>
    
path('api/reports/', 
include('reports.urls
')),
                     
    ~~~~~~~^^^^^^^^^^
^^^^^^
  File "C:\Users\Admi
n\AppData\Local\Progr
ams\Python\Python314\
Lib\site-packages\dja
ngo\urls\conf.py", 
line 39, in include
    urlconf_module = 
import_module(urlconf
_module)
  File "C:\Users\Admi
n\AppData\Local\Progr
ams\Python\Python314\
Lib\importlib\__init_
_.py", line 88, in 
import_module
    return _bootstrap
._gcd_import(name[lev
el:], package, level)
           ~~~~~~~~~~
~~~~~~~~~~~~^^^^^^^^^
^^^^^^^^^^^^^^^^^^^^^
  File "<frozen impor
tlib._bootstrap>", 
line 1398, in 
_gcd_import
  File "<frozen impor
tlib._bootstrap>", 
line 1371, in 
_find_and_load
  File "<frozen impor
tlib._bootstrap>", 
line 1342, in _find_a
nd_load_unlocked
  File "<frozen impor
tlib._bootstrap>", 
line 938, in 
_load_unlocked
  File "<frozen impor
tlib._bootstrap_exter
nal>", line 762, in 
exec_module
  File "<frozen impor
tlib._bootstrap>", 
line 491, in _call_wi
th_frames_removed
  File "C:\Users\Admi
n\OneDrive\Documents\
internship II\hisabki
tab\backend\reports\u
rls.py", line 2, in 
<module>
    from .views 
import 
DashboardStatsView
  File "C:\Users\Admi
n\OneDrive\Documents\
internship II\hisabki
tab\backend\reports\v
iews.py", line 42
    "name": entry['we
ek'].strftime('%d 
%b'),
    ^^^^^^
SyntaxError: illegal 
target for annotation
